// Jest Snapshot v1, https://goo.gl/fbAQLP

exports[`<BookDetails /> should render correctly 1`] = `
<View
  style={
    {
      "backgroundColor": "#FEFEFE",
      "display": "flex",
      "flex": 1,
      "height": "100%",
    }
  }
>
  <RCTScrollView
    contentContainerStyle={{}}
  >
    <View>
      <View
        style={
          [
            {
              "alignItems": "center",
              "justifyContent": "center",
              "padding": 20,
            },
            {
              "backgroundColor": "white",
            },
          ]
        }
      >
        <Image
          source={
            {
              "uri": "image.jpg",
            }
          }
          style={
            {
              "borderRadius": 6,
              "height": 200,
              "resizeMode": "stretch",
              "width": 150,
            }
          }
        />
      </View>
      <View
        style={
          {
            "margin": 20,
          }
        }
      >
        <Text
          style={
            {
              "fontSize": 22,
              "fontWeight": "500",
            }
          }
        >
          title
        </Text>
        <Text
          style={
            {
              "color": "#64676D",
              "fontSize": 14,
              "marginVertical": 5,
            }
          }
        >
          author
        </Text>
        <Text
          style={
            {
              "fontSize": 18,
              "fontWeight": "500",
            }
          }
        >
          edition
        </Text>
      </View>
      <Text
        style={
          {
            "fontSize": 14,
            "fontWeight": "bold",
            "lineHeight": 20,
            "paddingHorizontal": 20,
          }
        }
      >
        Description
      </Text>
      <Text
        style={
          {
            "color": "#64676D",
            "fontSize": 14,
            "lineHeight": 20,
            "paddingHorizontal": 20,
          }
        }
      >
        Lorem ipsum dolor sit amet, consectetur adipiscing elit, sed do eiusmod tempor incididunt ut labore et dolore magna aliqua. Ut enim ad minim veniam, quis nostrud exercitation ullamco laboris nisi ut aliquip ex ea commodo consequat. Duis aute irure dolor in reprehenderit in voluptate velit esse cillum dolore eu fugiat nulla pariatur. Excepteur sint occaecat cupidatat non proident, sunt in culpa qui officia deserunt mollit anim id est laborum.
      </Text>
    </View>
  </RCTScrollView>
  <View
    style={
      {
        "display": "flex",
        "flexDirection": "row",
        "justifyContent": "center",
        "padding": 20,
      }
    }
  >
    <View
      accessibilityState={
        {
          "busy": undefined,
          "checked": undefined,
          "disabled": undefined,
          "expanded": undefined,
          "selected": undefined,
        }
      }
      accessibilityValue={
        {
          "max": undefined,
          "min": undefined,
          "now": undefined,
          "text": undefined,
        }
      }
      accessible={true}
      collapsable={false}
      focusable={true}
      onClick={[Function]}
      onResponderGrant={[Function]}
      onResponderMove={[Function]}
      onResponderRelease={[Function]}
      onResponderTerminate={[Function]}
      onResponderTerminationRequest={[Function]}
      onStartShouldSetResponder={[Function]}
      style={
        {
          "alignItems": "center",
          "backgroundColor": "#039BE5",
          "borderRadius": 6,
          "display": "flex",
          "flex": 1,
          "flexDirection": "row",
          "justifyContent": "center",
          "opacity": 1,
        }
      }
    >
      <Text
        style={
          {
            "color": "#FFFFFF",
            "fontSize": 16,
            "fontWeight": "500",
            "padding": 20,
          }
        }
      >
        Set Pick-up Date
      </Text>
    </View>
    <Modal
      animationType="none"
      hardwareAccelerated={false}
      isVisible={false}
      onHide={[Function]}
      transparent={true}
      visible={false}
    />
  </View>
</View>
`;
